<?xml version="1.0" encoding="UTF-8"?>
<TestRun id="5756e3ec-f785-4ac5-b121-3df76d69c8cb" name="dinesh.kumar@PSILENL026 2020-03-26 15:13:13" runUser="PSIOG\dinesh.kumar" xmlns="http://microsoft.com/schemas/VisualStudio/TeamTest/2010">
  <Times creation="2020-03-26T15:13:13.2668585+05:30" queuing="2020-03-26T15:13:13.2678723+05:30" start="2020-03-26T15:13:13.2737941+05:30" finish="2020-03-26T15:13:13.3698406+05:30" />
  <TestSettings name="default" id="827a3144-c550-4705-9379-ad0aeee17823">
    <Execution>
      <TestTypeSpecific />
    </Execution>
    <Deployment runDeploymentRoot="dinesh.kumar_PSILENL026 2020-03-26 15_13_13" />
    <Properties />
  </TestSettings>
  <Results>
    <UnitTestResult executionId="8a6d7aec-36a2-4860-9d78-b2cb790d37db" testId="69668d7d-5a1b-a6f6-9834-021250c6d2a0" testName="MulTest" computerName="PSILENL026" duration="00:00:00.0410512" startTime="2020-03-26T15:13:12.4535736+05:30" endTime="2020-03-26T15:13:12.9257619+05:30" testType="13cdc9d9-ddb5-4fa4-a97d-d965ccfc6d4b" outcome="Passed" testListId="8c84fa94-04c1-424b-9868-57a2d4851a1d" relativeResultsDirectory="8a6d7aec-36a2-4860-9d78-b2cb790d37db" />
    <UnitTestResult executionId="c443dfd6-b2bf-4c96-a820-9a0ae052abba" testId="a523163c-7b17-8c6d-5a96-a85ef7af67d3" testName="SubTest" computerName="PSILENL026" duration="00:00:00.0015394" startTime="2020-03-26T15:13:12.9457039+05:30" endTime="2020-03-26T15:13:12.9476958+05:30" testType="13cdc9d9-ddb5-4fa4-a97d-d965ccfc6d4b" outcome="Passed" testListId="8c84fa94-04c1-424b-9868-57a2d4851a1d" relativeResultsDirectory="c443dfd6-b2bf-4c96-a820-9a0ae052abba" />
    <UnitTestResult executionId="172e9b20-5d1a-4556-87cc-77981ee3214d" testId="56e7ebe8-a1fe-16de-7184-74a7499912cf" testName="AddTest" computerName="PSILENL026" duration="00:00:00.0016666" startTime="2020-03-26T15:13:12.9486966+05:30" endTime="2020-03-26T15:13:12.9506915+05:30" testType="13cdc9d9-ddb5-4fa4-a97d-d965ccfc6d4b" outcome="Passed" testListId="8c84fa94-04c1-424b-9868-57a2d4851a1d" relativeResultsDirectory="172e9b20-5d1a-4556-87cc-77981ee3214d" />
    <UnitTestResult executionId="1eb25634-f8bd-4470-b4e2-97b70122d561" testId="37dfe1b2-9ee3-aa83-9ef5-375846bdc03d" testName="DivTest" computerName="PSILENL026" duration="00:00:00.0013774" startTime="2020-03-26T15:13:12.9506915+05:30" endTime="2020-03-26T15:13:12.9517341+05:30" testType="13cdc9d9-ddb5-4fa4-a97d-d965ccfc6d4b" outcome="Passed" testListId="8c84fa94-04c1-424b-9868-57a2d4851a1d" relativeResultsDirectory="1eb25634-f8bd-4470-b4e2-97b70122d561" />
    <UnitTestResult executionId="e07161b9-ffbc-4f3b-9904-f5b633da846f" testId="06bbbdd0-b44c-7a15-cc66-7951e941fc05" testName="IsGreaterthanZeroTest" computerName="PSILENL026" duration="00:00:00.0037575" startTime="2020-03-26T15:13:12.9526856+05:30" endTime="2020-03-26T15:13:12.9567232+05:30" testType="13cdc9d9-ddb5-4fa4-a97d-d965ccfc6d4b" outcome="Passed" testListId="8c84fa94-04c1-424b-9868-57a2d4851a1d" relativeResultsDirectory="e07161b9-ffbc-4f3b-9904-f5b633da846f">
      <Output>
        <StdOut>-20 is not greater than zero</StdOut>
      </Output>
    </UnitTestResult>
  </Results>
  <TestDefinitions>
    <UnitTest name="MulTest" storage="c:\users\dinesh.kumar\documents\visual studio 2013\projects\codecoveragedemoproject1\codecoveragetests\bin\debug\codecoveragetests.dll" id="69668d7d-5a1b-a6f6-9834-021250c6d2a0">
      <Execution id="8a6d7aec-36a2-4860-9d78-b2cb790d37db" />
      <TestMethod codeBase="C:\Users\dinesh.kumar\Documents\Visual Studio 2013\Projects\CodeCoverageDemoProject1\CodeCoverageTests\bin\Debug\CodeCoverageTests.dll" adapterTypeName="Microsoft.VisualStudio.TestTools.TestTypes.Unit.UnitTestAdapter" className="CodeCoverageTests.ArithmeticTests" name="MulTest" />
    </UnitTest>
    <UnitTest name="SubTest" storage="c:\users\dinesh.kumar\documents\visual studio 2013\projects\codecoveragedemoproject1\codecoveragetests\bin\debug\codecoveragetests.dll" id="a523163c-7b17-8c6d-5a96-a85ef7af67d3">
      <Execution id="c443dfd6-b2bf-4c96-a820-9a0ae052abba" />
      <TestMethod codeBase="C:\Users\dinesh.kumar\Documents\Visual Studio 2013\Projects\CodeCoverageDemoProject1\CodeCoverageTests\bin\Debug\CodeCoverageTests.dll" adapterTypeName="Microsoft.VisualStudio.TestTools.TestTypes.Unit.UnitTestAdapter" className="CodeCoverageTests.ArithmeticTests" name="SubTest" />
    </UnitTest>
    <UnitTest name="AddTest" storage="c:\users\dinesh.kumar\documents\visual studio 2013\projects\codecoveragedemoproject1\codecoveragetests\bin\debug\codecoveragetests.dll" id="56e7ebe8-a1fe-16de-7184-74a7499912cf">
      <Execution id="172e9b20-5d1a-4556-87cc-77981ee3214d" />
      <TestMethod codeBase="C:\Users\dinesh.kumar\Documents\Visual Studio 2013\Projects\CodeCoverageDemoProject1\CodeCoverageTests\bin\Debug\CodeCoverageTests.dll" adapterTypeName="Microsoft.VisualStudio.TestTools.TestTypes.Unit.UnitTestAdapter" className="CodeCoverageTests.ArithmeticTests" name="AddTest" />
    </UnitTest>
    <UnitTest name="DivTest" storage="c:\users\dinesh.kumar\documents\visual studio 2013\projects\codecoveragedemoproject1\codecoveragetests\bin\debug\codecoveragetests.dll" id="37dfe1b2-9ee3-aa83-9ef5-375846bdc03d">
      <Execution id="1eb25634-f8bd-4470-b4e2-97b70122d561" />
      <TestMethod codeBase="C:\Users\dinesh.kumar\Documents\Visual Studio 2013\Projects\CodeCoverageDemoProject1\CodeCoverageTests\bin\Debug\CodeCoverageTests.dll" adapterTypeName="Microsoft.VisualStudio.TestTools.TestTypes.Unit.UnitTestAdapter" className="CodeCoverageTests.ArithmeticTests" name="DivTest" />
    </UnitTest>
    <UnitTest name="IsGreaterthanZeroTest" storage="c:\users\dinesh.kumar\documents\visual studio 2013\projects\codecoveragedemoproject1\codecoveragetests\bin\debug\codecoveragetests.dll" id="06bbbdd0-b44c-7a15-cc66-7951e941fc05">
      <Execution id="e07161b9-ffbc-4f3b-9904-f5b633da846f" />
      <TestMethod codeBase="C:\Users\dinesh.kumar\Documents\Visual Studio 2013\Projects\CodeCoverageDemoProject1\CodeCoverageTests\bin\Debug\CodeCoverageTests.dll" adapterTypeName="Microsoft.VisualStudio.TestTools.TestTypes.Unit.UnitTestAdapter" className="CodeCoverageTests.ArithmeticTests" name="IsGreaterthanZeroTest" />
    </UnitTest>
  </TestDefinitions>
  <TestEntries>
    <TestEntry testId="69668d7d-5a1b-a6f6-9834-021250c6d2a0" executionId="8a6d7aec-36a2-4860-9d78-b2cb790d37db" testListId="8c84fa94-04c1-424b-9868-57a2d4851a1d" />
    <TestEntry testId="a523163c-7b17-8c6d-5a96-a85ef7af67d3" executionId="c443dfd6-b2bf-4c96-a820-9a0ae052abba" testListId="8c84fa94-04c1-424b-9868-57a2d4851a1d" />
    <TestEntry testId="56e7ebe8-a1fe-16de-7184-74a7499912cf" executionId="172e9b20-5d1a-4556-87cc-77981ee3214d" testListId="8c84fa94-04c1-424b-9868-57a2d4851a1d" />
    <TestEntry testId="37dfe1b2-9ee3-aa83-9ef5-375846bdc03d" executionId="1eb25634-f8bd-4470-b4e2-97b70122d561" testListId="8c84fa94-04c1-424b-9868-57a2d4851a1d" />
    <TestEntry testId="06bbbdd0-b44c-7a15-cc66-7951e941fc05" executionId="e07161b9-ffbc-4f3b-9904-f5b633da846f" testListId="8c84fa94-04c1-424b-9868-57a2d4851a1d" />
  </TestEntries>
  <TestLists>
    <TestList name="Results Not in a List" id="8c84fa94-04c1-424b-9868-57a2d4851a1d" />
    <TestList name="All Loaded Results" id="19431567-8539-422a-85d7-44ee4e166bda" />
  </TestLists>
  <ResultSummary outcome="Completed">
    <Counters total="5" executed="5" passed="5" failed="0" error="0" timeout="0" aborted="0" inconclusive="0" passedButRunAborted="0" notRunnable="0" notExecuted="0" disconnected="0" warning="0" completed="0" inProgress="0" pending="0" />
  </ResultSummary>
</TestRun>