<?xml version="1.0" encoding="UTF-8"?>
<TestRun id="cd7279b7-0f5b-4649-9d9f-e039445b6ac4" name="dinesh.kumar@PSILENL026 2020-03-26 15:14:31" runUser="PSIOG\dinesh.kumar" xmlns="http://microsoft.com/schemas/VisualStudio/TeamTest/2010">
  <Times creation="2020-03-26T15:14:31.7014188+05:30" queuing="2020-03-26T15:14:31.7024160+05:30" start="2020-03-26T15:14:31.7074024+05:30" finish="2020-03-26T15:14:31.8071361+05:30" />
  <TestSettings name="default" id="e52a4243-b7ed-4482-b852-e06c7e9aeeeb">
    <Execution>
      <TestTypeSpecific />
    </Execution>
    <Deployment runDeploymentRoot="dinesh.kumar_PSILENL026 2020-03-26 15_14_31" />
    <Properties />
  </TestSettings>
  <Results>
    <UnitTestResult executionId="18c585a5-07ee-4023-8838-05b9a034d6d6" testId="69668d7d-5a1b-a6f6-9834-021250c6d2a0" testName="MulTest" computerName="PSILENL026" duration="00:00:00.0315462" startTime="2020-03-26T15:14:30.9191110+05:30" endTime="2020-03-26T15:14:31.4095060+05:30" testType="13cdc9d9-ddb5-4fa4-a97d-d965ccfc6d4b" outcome="Passed" testListId="8c84fa94-04c1-424b-9868-57a2d4851a1d" relativeResultsDirectory="18c585a5-07ee-4023-8838-05b9a034d6d6" />
    <UnitTestResult executionId="928b73f5-a3a7-455e-86b4-6de99f827722" testId="a523163c-7b17-8c6d-5a96-a85ef7af67d3" testName="SubTest" computerName="PSILENL026" duration="00:00:00.1015236" startTime="2020-03-26T15:14:31.4184933+05:30" endTime="2020-03-26T15:14:31.5200964+05:30" testType="13cdc9d9-ddb5-4fa4-a97d-d965ccfc6d4b" outcome="Failed" testListId="8c84fa94-04c1-424b-9868-57a2d4851a1d" relativeResultsDirectory="928b73f5-a3a7-455e-86b4-6de99f827722">
      <Output>
        <ErrorInfo>
          <Message>Assert.AreEqual failed. Expected:&lt;10&gt;. Actual:&lt;20&gt;. </Message>
          <StackTrace>   at CodeCoverageTests.ArithmeticTests.SubTest() in c:\Users\dinesh.kumar\Documents\Visual Studio 2013\Projects\CodeCoverageDemoProject1\CodeCoverageTests\ArithmeticTests.cs:line 23
</StackTrace>
        </ErrorInfo>
      </Output>
    </UnitTestResult>
    <UnitTestResult executionId="c0a59256-abe3-40bb-a6c4-fff126a77d2e" testId="56e7ebe8-a1fe-16de-7184-74a7499912cf" testName="AddTest" computerName="PSILENL026" duration="00:00:00.0010835" startTime="2020-03-26T15:14:31.5200964+05:30" endTime="2020-03-26T15:14:31.5217980+05:30" testType="13cdc9d9-ddb5-4fa4-a97d-d965ccfc6d4b" outcome="Passed" testListId="8c84fa94-04c1-424b-9868-57a2d4851a1d" relativeResultsDirectory="c0a59256-abe3-40bb-a6c4-fff126a77d2e" />
    <UnitTestResult executionId="034abeb4-3ba2-4eda-82ce-05aa9b42bfb9" testId="37dfe1b2-9ee3-aa83-9ef5-375846bdc03d" testName="DivTest" computerName="PSILENL026" duration="00:00:00.0007228" startTime="2020-03-26T15:14:31.5217980+05:30" endTime="2020-03-26T15:14:31.5220911+05:30" testType="13cdc9d9-ddb5-4fa4-a97d-d965ccfc6d4b" outcome="Passed" testListId="8c84fa94-04c1-424b-9868-57a2d4851a1d" relativeResultsDirectory="034abeb4-3ba2-4eda-82ce-05aa9b42bfb9" />
    <UnitTestResult executionId="2c18501b-ed35-4227-9849-63a91693e7ad" testId="06bbbdd0-b44c-7a15-cc66-7951e941fc05" testName="IsGreaterthanZeroTest" computerName="PSILENL026" duration="00:00:00.0020707" startTime="2020-03-26T15:14:31.5220911+05:30" endTime="2020-03-26T15:14:31.5250872+05:30" testType="13cdc9d9-ddb5-4fa4-a97d-d965ccfc6d4b" outcome="Passed" testListId="8c84fa94-04c1-424b-9868-57a2d4851a1d" relativeResultsDirectory="2c18501b-ed35-4227-9849-63a91693e7ad">
      <Output>
        <StdOut>-20 is not greater than zero</StdOut>
      </Output>
    </UnitTestResult>
  </Results>
  <TestDefinitions>
    <UnitTest name="MulTest" storage="c:\users\dinesh.kumar\documents\visual studio 2013\projects\codecoveragedemoproject1\codecoveragetests\bin\debug\codecoveragetests.dll" id="69668d7d-5a1b-a6f6-9834-021250c6d2a0">
      <Execution id="18c585a5-07ee-4023-8838-05b9a034d6d6" />
      <TestMethod codeBase="C:\Users\dinesh.kumar\Documents\Visual Studio 2013\Projects\CodeCoverageDemoProject1\CodeCoverageTests\bin\Debug\CodeCoverageTests.dll" adapterTypeName="Microsoft.VisualStudio.TestTools.TestTypes.Unit.UnitTestAdapter" className="CodeCoverageTests.ArithmeticTests" name="MulTest" />
    </UnitTest>
    <UnitTest name="SubTest" storage="c:\users\dinesh.kumar\documents\visual studio 2013\projects\codecoveragedemoproject1\codecoveragetests\bin\debug\codecoveragetests.dll" id="a523163c-7b17-8c6d-5a96-a85ef7af67d3">
      <Execution id="928b73f5-a3a7-455e-86b4-6de99f827722" />
      <TestMethod codeBase="C:\Users\dinesh.kumar\Documents\Visual Studio 2013\Projects\CodeCoverageDemoProject1\CodeCoverageTests\bin\Debug\CodeCoverageTests.dll" adapterTypeName="Microsoft.VisualStudio.TestTools.TestTypes.Unit.UnitTestAdapter" className="CodeCoverageTests.ArithmeticTests" name="SubTest" />
    </UnitTest>
    <UnitTest name="AddTest" storage="c:\users\dinesh.kumar\documents\visual studio 2013\projects\codecoveragedemoproject1\codecoveragetests\bin\debug\codecoveragetests.dll" id="56e7ebe8-a1fe-16de-7184-74a7499912cf">
      <Execution id="c0a59256-abe3-40bb-a6c4-fff126a77d2e" />
      <TestMethod codeBase="C:\Users\dinesh.kumar\Documents\Visual Studio 2013\Projects\CodeCoverageDemoProject1\CodeCoverageTests\bin\Debug\CodeCoverageTests.dll" adapterTypeName="Microsoft.VisualStudio.TestTools.TestTypes.Unit.UnitTestAdapter" className="CodeCoverageTests.ArithmeticTests" name="AddTest" />
    </UnitTest>
    <UnitTest name="DivTest" storage="c:\users\dinesh.kumar\documents\visual studio 2013\projects\codecoveragedemoproject1\codecoveragetests\bin\debug\codecoveragetests.dll" id="37dfe1b2-9ee3-aa83-9ef5-375846bdc03d">
      <Execution id="034abeb4-3ba2-4eda-82ce-05aa9b42bfb9" />
      <TestMethod codeBase="C:\Users\dinesh.kumar\Documents\Visual Studio 2013\Projects\CodeCoverageDemoProject1\CodeCoverageTests\bin\Debug\CodeCoverageTests.dll" adapterTypeName="Microsoft.VisualStudio.TestTools.TestTypes.Unit.UnitTestAdapter" className="CodeCoverageTests.ArithmeticTests" name="DivTest" />
    </UnitTest>
    <UnitTest name="IsGreaterthanZeroTest" storage="c:\users\dinesh.kumar\documents\visual studio 2013\projects\codecoveragedemoproject1\codecoveragetests\bin\debug\codecoveragetests.dll" id="06bbbdd0-b44c-7a15-cc66-7951e941fc05">
      <Execution id="2c18501b-ed35-4227-9849-63a91693e7ad" />
      <TestMethod codeBase="C:\Users\dinesh.kumar\Documents\Visual Studio 2013\Projects\CodeCoverageDemoProject1\CodeCoverageTests\bin\Debug\CodeCoverageTests.dll" adapterTypeName="Microsoft.VisualStudio.TestTools.TestTypes.Unit.UnitTestAdapter" className="CodeCoverageTests.ArithmeticTests" name="IsGreaterthanZeroTest" />
    </UnitTest>
  </TestDefinitions>
  <TestEntries>
    <TestEntry testId="69668d7d-5a1b-a6f6-9834-021250c6d2a0" executionId="18c585a5-07ee-4023-8838-05b9a034d6d6" testListId="8c84fa94-04c1-424b-9868-57a2d4851a1d" />
    <TestEntry testId="a523163c-7b17-8c6d-5a96-a85ef7af67d3" executionId="928b73f5-a3a7-455e-86b4-6de99f827722" testListId="8c84fa94-04c1-424b-9868-57a2d4851a1d" />
    <TestEntry testId="56e7ebe8-a1fe-16de-7184-74a7499912cf" executionId="c0a59256-abe3-40bb-a6c4-fff126a77d2e" testListId="8c84fa94-04c1-424b-9868-57a2d4851a1d" />
    <TestEntry testId="37dfe1b2-9ee3-aa83-9ef5-375846bdc03d" executionId="034abeb4-3ba2-4eda-82ce-05aa9b42bfb9" testListId="8c84fa94-04c1-424b-9868-57a2d4851a1d" />
    <TestEntry testId="06bbbdd0-b44c-7a15-cc66-7951e941fc05" executionId="2c18501b-ed35-4227-9849-63a91693e7ad" testListId="8c84fa94-04c1-424b-9868-57a2d4851a1d" />
  </TestEntries>
  <TestLists>
    <TestList name="Results Not in a List" id="8c84fa94-04c1-424b-9868-57a2d4851a1d" />
    <TestList name="All Loaded Results" id="19431567-8539-422a-85d7-44ee4e166bda" />
  </TestLists>
  <ResultSummary outcome="Failed">
    <Counters total="5" executed="5" passed="4" failed="1" error="0" timeout="0" aborted="0" inconclusive="0" passedButRunAborted="0" notRunnable="0" notExecuted="0" disconnected="0" warning="0" completed="0" inProgress="0" pending="0" />
  </ResultSummary>
</TestRun>